0 verbose cli /usr/bin/node /usr/bin/npm
1 info using npm@10.8.2
2 info using node@v20.20.2
3 silly config load:file:/usr/lib/node_modules/npm/npmrc
4 silly config load:file:/home/user/.npmrc
5 silly config load:file:/usr/etc/npmrc
6 verbose title npm install
7 verbose argv "install"
8 verbose logfile logs-max:10 dir:/home/user/.npm/_logs/2026-09-02T13_25_57_481Z-
9 verbose logfile /home/user/.npm/_logs/2026-09-02T13_25_57_481Z-debug-0.log
10 silly packumentCache heap:998768640 maxSize:249692160 maxEntrySize:124846080
11 silly logfile done cleaning log files
12 silly idealTree buildDeps
13 silly reify moves {}
14 silly audit bulk request {
14 silly audit   '@alloc/quick-lru': [ '5.3.0' ],
14 silly audit   '@babel/code-frame': [ '7.29.7' ],
14 silly audit   '@babel/compat-data': [ '7.29.7' ],
14 silly audit   '@babel/core': [ '7.29.7' ],
14 silly audit   '@babel/generator': [ '7.29.8' ],
14 silly audit   '@babel/helper-compilation-targets': [ '7.29.7' ],
14 silly audit   '@babel/helper-globals': [ '7.29.7' ],
14 silly audit   '@babel/helper-module-imports': [ '7.29.7' ],
14 silly audit   '@babel/helper-module-transforms': [ '7.29.7' ],
14 silly audit   '@babel/helper-plugin-utils': [ '7.29.7' ],
14 silly audit   '@babel/helper-string-parser': [ '7.29.7' ],
14 silly audit   '@babel/helper-validator-identifier': [ '7.29.7' ],
14 silly audit   '@babel/helper-validator-option': [ '7.29.7' ],
14 silly audit   '@babel/helpers': [ '7.29.7' ],
14 silly audit   '@babel/parser': [ '7.29.8' ],
14 silly audit   '@babel/plugin-transform-react-jsx-self': [ '7.29.7' ],
14 silly audit   '@babel/plugin-transform-react-jsx-source': [ '7.29.7' ],
14 silly audit   '@babel/template': [ '7.29.7' ],
14 silly audit   '@babel/traverse': [ '7.29.8' ],
14 silly audit   '@babel/types': [ '7.29.8' ],
14 silly audit   '@esbuild/aix-ppc64': [ '0.25.12' ],
14 silly audit   '@esbuild/android-arm': [ '0.25.12' ],
14 silly audit   '@esbuild/android-arm64': [ '0.25.12' ],
14 silly audit   '@esbuild/android-x64': [ '0.25.12' ],
14 silly audit   '@esbuild/darwin-arm64': [ '0.25.12' ],
14 silly audit   '@esbuild/darwin-x64': [ '0.25.12' ],
14 silly audit   '@esbuild/freebsd-arm64': [ '0.25.12' ],
14 silly audit   '@esbuild/freebsd-x64': [ '0.25.12' ],
14 silly audit   '@esbuild/linux-arm': [ '0.25.12' ],
14 silly audit   '@esbuild/linux-arm64': [ '0.25.12' ],
14 silly audit   '@esbuild/linux-ia32': [ '0.25.12' ],
14 silly audit   '@esbuild/linux-loong64': [ '0.25.12' ],
14 silly audit   '@esbuild/linux-mips64el': [ '0.25.12' ],
14 silly audit   '@esbuild/linux-ppc64': [ '0.25.12' ],
14 silly audit   '@esbuild/linux-riscv64': [ '0.25.12' ],
14 silly audit   '@esbuild/linux-s390x': [ '0.25.12' ],
14 silly audit   '@esbuild/linux-x64': [ '0.25.12' ],
14 silly audit   '@esbuild/netbsd-arm64': [ '0.25.12' ],
14 silly audit   '@esbuild/netbsd-x64': [ '0.25.12' ],
14 silly audit   '@esbuild/openbsd-arm64': [ '0.25.12' ],
14 silly audit   '@esbuild/openbsd-x64': [ '0.25.12' ],
14 silly audit   '@esbuild/openharmony-arm64': [ '0.25.12' ],
14 silly audit   '@esbuild/sunos-x64': [ '0.25.12' ],
14 silly audit   '@esbuild/win32-arm64': [ '0.25.12' ],
14 silly audit   '@esbuild/win32-ia32': [ '0.25.12' ],
14 silly audit   '@esbuild/win32-x64': [ '0.25.12' ],
14 silly audit   '@jridgewell/gen-mapping': [ '0.3.13' ],
14 silly audit   '@jridgewell/remapping': [ '2.3.5' ],
14 silly audit   '@jridgewell/resolve-uri': [ '3.1.2' ],
14 silly audit   '@jridgewell/sourcemap-codec': [ '1.6.0' ],
14 silly audit   '@jridgewell/trace-mapping': [ '0.3.31' ],
14 silly audit   '@napi-rs/lzma-linux-x64-gnu': [ '1.5.1' ],
14 silly audit   '@nodelib/fs.scandir': [ '2.1.5' ],
14 silly audit   '@nodelib/fs.stat': [ '2.0.5' ],
14 silly audit   '@nodelib/fs.walk': [ '1.2.8' ],
14 silly audit   '@rolldown/pluginutils': [ '1.0.0-beta.27' ],
14 silly audit   '@rollup/rollup-android-arm-eabi': [ '4.63.1' ],
14 silly audit   '@rollup/rollup-android-arm64': [ '4.63.1' ],
14 silly audit   '@rollup/rollup-darwin-arm64': [ '4.63.1' ],
14 silly audit   '@rollup/rollup-darwin-x64': [ '4.63.1' ],
14 silly audit   '@rollup/rollup-freebsd-arm64': [ '4.63.1' ],
14 silly audit   '@rollup/rollup-freebsd-x64': [ '4.63.1' ],
14 silly audit   '@rollup/rollup-linux-arm-gnueabihf': [ '4.63.1' ],
14 silly audit   '@rollup/rollup-linux-arm-musleabihf': [ '4.63.1' ],
14 silly audit   '@rollup/rollup-linux-arm64-gnu': [ '4.63.1' ],
14 silly audit   '@rollup/rollup-linux-arm64-musl': [ '4.63.1' ],
14 silly audit   '@rollup/rollup-linux-loong64-gnu': [ '4.63.1' ],
14 silly audit   '@rollup/rollup-linux-loong64-musl': [ '4.63.1' ],
14 silly audit   '@rollup/rollup-linux-ppc64-gnu': [ '4.63.1' ],
14 silly audit   '@rollup/rollup-linux-ppc64-musl': [ '4.63.1' ],
14 silly audit   '@rollup/rollup-linux-riscv64-gnu': [ '4.63.1' ],
14 silly audit   '@rollup/rollup-linux-riscv64-musl': [ '4.63.1' ],
14 silly audit   '@rollup/rollup-linux-s390x-gnu': [ '4.63.1' ],
14 silly audit   '@rollup/rollup-linux-x64-gnu': [ '4.63.1' ],
14 silly audit   '@rollup/rollup-linux-x64-musl': [ '4.63.1' ],
14 silly audit   '@rollup/rollup-openbsd-x64': [ '4.63.1' ],
14 silly audit   '@rollup/rollup-openharmony-arm64': [ '4.63.1' ],
14 silly audit   '@rollup/rollup-win32-arm64-msvc': [ '4.63.1' ],
14 silly audit   '@rollup/rollup-win32-ia32-msvc': [ '4.63.1' ],
14 silly audit   '@rollup/rollup-win32-x64-gnu': [ '4.63.1' ],
14 silly audit   '@rollup/rollup-win32-x64-msvc': [ '4.63.1' ],
14 silly audit   '@types/babel__core': [ '7.20.5' ],
14 silly audit   '@types/babel__generator': [ '7.27.0' ],
14 silly audit   '@types/babel__template': [ '7.4.4' ],
14 silly audit   '@types/babel__traverse': [ '7.28.0' ],
14 silly audit   '@types/estree': [ '1.0.9' ],
14 silly audit   '@types/prop-types': [ '15.7.15' ],
14 silly audit   '@types/react': [ '18.3.31' ],
14 silly audit   '@types/react-dom': [ '18.3.7' ],
14 silly audit   '@vitejs/plugin-react': [ '4.7.0' ],
14 silly audit   'any-promise': [ '1.3.0' ],
14 silly audit   anymatch: [ '3.1.3' ],
14 silly audit   arg: [ '5.0.2' ],
14 silly audit   autoprefixer: [ '10.5.4' ],
14 silly audit   'baseline-browser-mapping': [ '2.11.20' ],
14 silly audit   'binary-extensions': [ '2.3.0' ],
14 silly audit   braces: [ '3.0.3' ],
14 silly audit   browserslist: [ '4.28.8' ],
14 silly audit   'camelcase-css': [ '2.0.1' ],
14 silly audit   'caniuse-lite': [ '1.0.30001810' ],
14 silly audit   chokidar: [ '3.6.0' ],
14 silly audit   'glob-parent': [ '5.1.2', '6.0.2' ],
14 silly audit   clsx: [ '2.1.1' ],
14 silly audit   commander: [ '4.1.1' ],
14 silly audit   'convert-source-map': [ '2.0.0' ],
14 silly audit   cssesc: [ '3.0.0' ],
14 silly audit   csstype: [ '3.2.3' ],
14 silly audit   debug: [ '4.4.3' ],
14 silly audit   didyoumean: [ '1.2.2' ],
14 silly audit   dlv: [ '1.1.3' ],
14 silly audit   'electron-to-chromium': [ '1.5.420' ],
14 silly audit   'es-errors': [ '1.3.0' ],
14 silly audit   esbuild: [ '0.25.12' ],
14 silly audit   escalade: [ '3.2.0' ],
14 silly audit   'fast-glob': [ '3.3.3' ],
14 silly audit   fastq: [ '1.20.3' ],
14 silly audit   'fill-range': [ '7.1.1' ],
14 silly audit   'fraction.js': [ '5.3.4' ],
14 silly audit   'framer-motion': [ '11.18.2' ],
14 silly audit   fsevents: [ '2.3.3' ],
14 silly audit   'function-bind': [ '1.1.2' ],
14 silly audit   gensync: [ '1.0.0-beta.2' ],
14 silly audit   hasown: [ '2.0.4' ],
14 silly audit   'is-binary-path': [ '2.1.0' ],
14 silly audit   'is-core-module': [ '2.16.2' ],
14 silly audit   'is-extglob': [ '2.1.1' ],
14 silly audit   'is-glob': [ '4.0.3' ],
14 silly audit   'is-number': [ '7.0.0' ],
14 silly audit   jiti: [ '1.21.7' ],
14 silly audit   'js-tokens': [ '4.0.0' ],
14 silly audit   jsesc: [ '3.1.0' ],
14 silly audit   json5: [ '2.2.3' ],
14 silly audit   lenis: [ '1.3.26' ],
14 silly audit   lilconfig: [ '3.1.3' ],
14 silly audit   'lines-and-columns': [ '1.2.4' ],
14 silly audit   'loose-envify': [ '1.4.0' ],
14 silly audit   'lru-cache': [ '5.1.1' ],
14 silly audit   'lucide-react': [ '0.475.0' ],
14 silly audit   merge2: [ '1.4.1' ],
14 silly audit   micromatch: [ '4.0.8' ],
14 silly audit   'motion-dom': [ '11.18.1' ],
14 silly audit   'motion-utils': [ '11.18.1' ],
14 silly audit   ms: [ '2.1.3' ],
14 silly audit   mz: [ '2.7.0' ],
14 silly audit   nanoid: [ '3.3.18' ],
14 silly audit   'node-releases': [ '2.0.54' ],
14 silly audit   'normalize-path': [ '3.0.0' ],
14 silly audit   'object-assign': [ '4.1.1' ],
14 silly audit   'object-hash': [ '3.0.0' ],
14 silly audit   'path-parse': [ '1.0.7' ],
14 silly audit   picocolors: [ '1.1.1' ],
14 silly audit   picomatch: [ '2.3.2', '4.0.7' ],
14 silly audit   pirates: [ '4.0.7' ],
14 silly audit   postcss: [ '8.5.26' ],
14 silly audit   'postcss-import': [ '15.1.0' ],
14 silly audit   'postcss-js': [ '4.1.0' ],
14 silly audit   'postcss-load-config': [ '6.0.1' ],
14 silly audit   'postcss-nested': [ '6.2.0' ],
14 silly audit   'postcss-selector-parser': [ '6.1.4' ],
14 silly audit   'postcss-value-parser': [ '4.2.0' ],
14 silly audit   'queue-microtask': [ '1.2.3' ],
14 silly audit   react: [ '18.3.1' ],
14 silly audit   'react-dom': [ '18.3.1' ],
14 silly audit   'react-refresh': [ '0.17.0' ],
14 silly audit   'read-cache': [ '1.0.2' ],
14 silly audit   readdirp: [ '3.6.0' ],
14 silly audit   resolve: [ '1.22.12' ],
14 silly audit   reusify: [ '1.1.0' ],
14 silly audit   rollup: [ '4.63.1' ],
14 silly audit   'run-parallel': [ '1.2.0' ],
14 silly audit   scheduler: [ '0.23.2' ],
14 silly audit   semver: [ '6.3.1' ],
14 silly audit   'source-map-js': [ '1.2.1' ],
14 silly audit   sucrase: [ '3.35.1' ],
14 silly audit   'supports-preserve-symlinks-flag': [ '1.0.0' ],
14 silly audit   'tailwind-merge': [ '2.6.1' ],
14 silly audit   tailwindcss: [ '3.4.19' ],
14 silly audit   thenify: [ '3.3.1' ],
14 silly audit   'thenify-all': [ '1.6.0' ],
14 silly audit   tinyglobby: [ '0.2.17' ],
14 silly audit   fdir: [ '6.5.0' ],
14 silly audit   'to-regex-range': [ '5.0.1' ],
14 silly audit   'ts-interface-checker': [ '0.1.13' ],
14 silly audit   tslib: [ '2.8.1' ],
14 silly audit   typescript: [ '5.9.3' ],
14 silly audit   'update-browserslist-db': [ '1.3.2' ],
14 silly audit   'util-deprecate': [ '1.0.2' ],
14 silly audit   vite: [ '6.4.3' ],
14 silly audit   yallist: [ '3.1.1' ]
14 silly audit }
15 verbose reify failed optional dependency /home/user/node_modules/fsevents
16 silly reify mark deleted [ '/home/user/node_modules/fsevents' ]
17 verbose reify failed optional dependency /home/user/node_modules/@rollup/rollup-win32-x64-msvc
18 silly reify mark deleted [ '/home/user/node_modules/@rollup/rollup-win32-x64-msvc' ]
19 verbose reify failed optional dependency /home/user/node_modules/@rollup/rollup-win32-x64-gnu
20 silly reify mark deleted [ '/home/user/node_modules/@rollup/rollup-win32-x64-gnu' ]
21 verbose reify failed optional dependency /home/user/node_modules/@rollup/rollup-win32-ia32-msvc
22 silly reify mark deleted [ '/home/user/node_modules/@rollup/rollup-win32-ia32-msvc' ]
23 verbose reify failed optional dependency /home/user/node_modules/@rollup/rollup-win32-arm64-msvc
24 silly reify mark deleted [ '/home/user/node_modules/@rollup/rollup-win32-arm64-msvc' ]
25 verbose reify failed optional dependency /home/user/node_modules/@rollup/rollup-openharmony-arm64
26 silly reify mark deleted [ '/home/user/node_modules/@rollup/rollup-openharmony-arm64' ]
27 verbose reify failed optional dependency /home/user/node_modules/@rollup/rollup-openbsd-x64
28 silly reify mark deleted [ '/home/user/node_modules/@rollup/rollup-openbsd-x64' ]
29 verbose reify failed optional dependency /home/user/node_modules/@rollup/rollup-linux-s390x-gnu
30 silly reify mark deleted [ '/home/user/node_modules/@rollup/rollup-linux-s390x-gnu' ]
31 verbose reify failed optional dependency /home/user/node_modules/@rollup/rollup-linux-riscv64-musl
32 silly reify mark deleted [ '/home/user/node_modules/@rollup/rollup-linux-riscv64-musl' ]
33 verbose reify failed optional dependency /home/user/node_modules/@rollup/rollup-linux-riscv64-gnu
34 silly reify mark deleted [ '/home/user/node_modules/@rollup/rollup-linux-riscv64-gnu' ]
35 verbose reify failed optional dependency /home/user/node_modules/@rollup/rollup-linux-ppc64-musl
36 silly reify mark deleted [ '/home/user/node_modules/@rollup/rollup-linux-ppc64-musl' ]
37 verbose reify failed optional dependency /home/user/node_modules/@rollup/rollup-linux-ppc64-gnu
38 silly reify mark deleted [ '/home/user/node_modules/@rollup/rollup-linux-ppc64-gnu' ]
39 verbose reify failed optional dependency /home/user/node_modules/@rollup/rollup-linux-loong64-musl
40 silly reify mark deleted [ '/home/user/node_modules/@rollup/rollup-linux-loong64-musl' ]
41 verbose reify failed optional dependency /home/user/node_modules/@rollup/rollup-linux-loong64-gnu
42 silly reify mark deleted [ '/home/user/node_modules/@rollup/rollup-linux-loong64-gnu' ]
43 verbose reify failed optional dependency /home/user/node_modules/@rollup/rollup-linux-arm64-musl
44 silly reify mark deleted [ '/home/user/node_modules/@rollup/rollup-linux-arm64-musl' ]
45 verbose reify failed optional dependency /home/user/node_modules/@rollup/rollup-linux-arm64-gnu
46 silly reify mark deleted [ '/home/user/node_modules/@rollup/rollup-linux-arm64-gnu' ]
47 verbose reify failed optional dependency /home/user/node_modules/@rollup/rollup-linux-arm-musleabihf
48 silly reify mark deleted [ '/home/user/node_modules/@rollup/rollup-linux-arm-musleabihf' ]
49 verbose reify failed optional dependency /home/user/node_modules/@rollup/rollup-linux-arm-gnueabihf
50 silly reify mark deleted [ '/home/user/node_modules/@rollup/rollup-linux-arm-gnueabihf' ]
51 verbose reify failed optional dependency /home/user/node_modules/@rollup/rollup-freebsd-x64
52 silly reify mark deleted [ '/home/user/node_modules/@rollup/rollup-freebsd-x64' ]
53 verbose reify failed optional dependency /home/user/node_modules/@rollup/rollup-freebsd-arm64
54 silly reify mark deleted [ '/home/user/node_modules/@rollup/rollup-freebsd-arm64' ]
55 verbose reify failed optional dependency /home/user/node_modules/@rollup/rollup-darwin-x64
56 silly reify mark deleted [ '/home/user/node_modules/@rollup/rollup-darwin-x64' ]
57 verbose reify failed optional dependency /home/user/node_modules/@rollup/rollup-darwin-arm64
58 silly reify mark deleted [ '/home/user/node_modules/@rollup/rollup-darwin-arm64' ]
59 verbose reify failed optional dependency /home/user/node_modules/@rollup/rollup-android-arm64
60 silly reify mark deleted [ '/home/user/node_modules/@rollup/rollup-android-arm64' ]
61 verbose reify failed optional dependency /home/user/node_modules/@rollup/rollup-android-arm-eabi
62 silly reify mark deleted [ '/home/user/node_modules/@rollup/rollup-android-arm-eabi' ]
63 verbose reify failed optional dependency /home/user/node_modules/@napi-rs/lzma-linux-x64-gnu
64 silly reify mark deleted [ '/home/user/node_modules/@napi-rs/lzma-linux-x64-gnu' ]
65 verbose reify failed optional dependency /home/user/node_modules/@esbuild/win32-x64
66 silly reify mark deleted [ '/home/user/node_modules/@esbuild/win32-x64' ]
67 verbose reify failed optional dependency /home/user/node_modules/@esbuild/win32-ia32
68 silly reify mark deleted [ '/home/user/node_modules/@esbuild/win32-ia32' ]
69 verbose reify failed optional dependency /home/user/node_modules/@esbuild/win32-arm64
70 silly reify mark deleted [ '/home/user/node_modules/@esbuild/win32-arm64' ]
71 verbose reify failed optional dependency /home/user/node_modules/@esbuild/sunos-x64
72 silly reify mark deleted [ '/home/user/node_modules/@esbuild/sunos-x64' ]
73 verbose reify failed optional dependency /home/user/node_modules/@esbuild/openharmony-arm64
74 silly reify mark deleted [ '/home/user/node_modules/@esbuild/openharmony-arm64' ]
75 verbose reify failed optional dependency /home/user/node_modules/@esbuild/openbsd-x64
76 silly reify mark deleted [ '/home/user/node_modules/@esbuild/openbsd-x64' ]
77 verbose reify failed optional dependency /home/user/node_modules/@esbuild/openbsd-arm64
78 silly reify mark deleted [ '/home/user/node_modules/@esbuild/openbsd-arm64' ]
79 verbose reify failed optional dependency /home/user/node_modules/@esbuild/netbsd-x64
80 silly reify mark deleted [ '/home/user/node_modules/@esbuild/netbsd-x64' ]
81 verbose reify failed optional dependency /home/user/node_modules/@esbuild/netbsd-arm64
82 silly reify mark deleted [ '/home/user/node_modules/@esbuild/netbsd-arm64' ]
83 verbose reify failed optional dependency /home/user/node_modules/@esbuild/linux-s390x
84 silly reify mark deleted [ '/home/user/node_modules/@esbuild/linux-s390x' ]
85 verbose reify failed optional dependency /home/user/node_modules/@esbuild/linux-riscv64
86 silly reify mark deleted [ '/home/user/node_modules/@esbuild/linux-riscv64' ]
87 verbose reify failed optional dependency /home/user/node_modules/@esbuild/linux-ppc64
88 silly reify mark deleted [ '/home/user/node_modules/@esbuild/linux-ppc64' ]
89 verbose reify failed optional dependency /home/user/node_modules/@esbuild/linux-mips64el
90 silly reify mark deleted [ '/home/user/node_modules/@esbuild/linux-mips64el' ]
91 verbose reify failed optional dependency /home/user/node_modules/@esbuild/linux-loong64
92 silly reify mark deleted [ '/home/user/node_modules/@esbuild/linux-loong64' ]
93 verbose reify failed optional dependency /home/user/node_modules/@esbuild/linux-ia32
94 silly reify mark deleted [ '/home/user/node_modules/@esbuild/linux-ia32' ]
95 verbose reify failed optional dependency /home/user/node_modules/@esbuild/linux-arm64
96 silly reify mark deleted [ '/home/user/node_modules/@esbuild/linux-arm64' ]
97 verbose reify failed optional dependency /home/user/node_modules/@esbuild/linux-arm
98 silly reify mark deleted [ '/home/user/node_modules/@esbuild/linux-arm' ]
99 verbose reify failed optional dependency /home/user/node_modules/@esbuild/freebsd-x64
100 silly reify mark deleted [ '/home/user/node_modules/@esbuild/freebsd-x64' ]
101 verbose reify failed optional dependency /home/user/node_modules/@esbuild/freebsd-arm64
102 silly reify mark deleted [ '/home/user/node_modules/@esbuild/freebsd-arm64' ]
103 verbose reify failed optional dependency /home/user/node_modules/@esbuild/darwin-x64
104 silly reify mark deleted [ '/home/user/node_modules/@esbuild/darwin-x64' ]
105 verbose reify failed optional dependency /home/user/node_modules/@esbuild/darwin-arm64
106 silly reify mark deleted [ '/home/user/node_modules/@esbuild/darwin-arm64' ]
107 verbose reify failed optional dependency /home/user/node_modules/@esbuild/android-x64
108 silly reify mark deleted [ '/home/user/node_modules/@esbuild/android-x64' ]
109 verbose reify failed optional dependency /home/user/node_modules/@esbuild/android-arm64
110 silly reify mark deleted [ '/home/user/node_modules/@esbuild/android-arm64' ]
111 verbose reify failed optional dependency /home/user/node_modules/@esbuild/android-arm
112 silly reify mark deleted [ '/home/user/node_modules/@esbuild/android-arm' ]
113 verbose reify failed optional dependency /home/user/node_modules/@esbuild/aix-ppc64
114 silly reify mark deleted [ '/home/user/node_modules/@esbuild/aix-ppc64' ]
115 silly tarball no local data for yallist@https://registry.npmjs.org/yallist/-/yallist-3.1.1.tgz. Extracting by manifest.
116 silly tarball no local data for vite@https://registry.npmjs.org/vite/-/vite-6.4.3.tgz. Extracting by manifest.
117 silly tarball no local data for util-deprecate@https://registry.npmjs.org/util-deprecate/-/util-deprecate-1.0.2.tgz. Extracting by manifest.
118 silly tarball no local data for update-browserslist-db@https://registry.npmjs.org/update-browserslist-db/-/update-browserslist-db-1.3.2.tgz. Extracting by manifest.
119 silly tarball no local data for typescript@https://registry.npmjs.org/typescript/-/typescript-5.9.3.tgz. Extracting by manifest.
120 silly tarball no local data for tslib@https://registry.npmjs.org/tslib/-/tslib-2.8.1.tgz. Extracting by manifest.
121 silly tarball no local data for ts-interface-checker@https://registry.npmjs.org/ts-interface-checker/-/ts-interface-checker-0.1.13.tgz. Extracting by manifest.
122 silly tarball no local data for to-regex-range@https://registry.npmjs.org/to-regex-range/-/to-regex-range-5.0.1.tgz. Extracting by manifest.
123 silly tarball no local data for thenify-all@https://registry.npmjs.org/thenify-all/-/thenify-all-1.6.0.tgz. Extracting by manifest.
124 silly tarball no local data for tinyglobby@https://registry.npmjs.org/tinyglobby/-/tinyglobby-0.2.17.tgz. Extracting by manifest.
125 silly tarball no local data for thenify@https://registry.npmjs.org/thenify/-/thenify-3.3.1.tgz. Extracting by manifest.
126 silly tarball no local data for tailwindcss@https://registry.npmjs.org/tailwindcss/-/tailwindcss-3.4.19.tgz. Extracting by manifest.
127 silly tarball no local data for tailwind-merge@https://registry.npmjs.org/tailwind-merge/-/tailwind-merge-2.6.1.tgz. Extracting by manifest.
128 silly tarball no local data for supports-preserve-symlinks-flag@https://registry.npmjs.org/supports-preserve-symlinks-flag/-/supports-preserve-symlinks-flag-1.0.0.tgz. Extracting by manifest.
129 silly tarball no local data for sucrase@https://registry.npmjs.org/sucrase/-/sucrase-3.35.1.tgz. Extracting by manifest.
130 silly tarball no local data for source-map-js@https://registry.npmjs.org/source-map-js/-/source-map-js-1.2.1.tgz. Extracting by manifest.
131 silly tarball no local data for semver@https://registry.npmjs.org/semver/-/semver-6.3.1.tgz. Extracting by manifest.
132 silly tarball no local data for scheduler@https://registry.npmjs.org/scheduler/-/scheduler-0.23.2.tgz. Extracting by manifest.
133 silly tarball no local data for run-parallel@https://registry.npmjs.org/run-parallel/-/run-parallel-1.2.0.tgz. Extracting by manifest.
134 silly tarball no local data for rollup@https://registry.npmjs.org/rollup/-/rollup-4.63.1.tgz. Extracting by manifest.
135 silly tarball no local data for reusify@https://registry.npmjs.org/reusify/-/reusify-1.1.0.tgz. Extracting by manifest.
136 silly tarball no local data for resolve@https://registry.npmjs.org/resolve/-/resolve-1.22.12.tgz. Extracting by manifest.
137 silly tarball no local data for readdirp@https://registry.npmjs.org/readdirp/-/readdirp-3.6.0.tgz. Extracting by manifest.
138 silly tarball no local data for read-cache@https://registry.npmjs.org/read-cache/-/read-cache-1.0.2.tgz. Extracting by manifest.
139 silly tarball no local data for react-refresh@https://registry.npmjs.org/react-refresh/-/react-refresh-0.17.0.tgz. Extracting by manifest.
140 silly tarball no local data for react-dom@https://registry.npmjs.org/react-dom/-/react-dom-18.3.1.tgz. Extracting by manifest.
141 silly tarball no local data for react@https://registry.npmjs.org/react/-/react-18.3.1.tgz. Extracting by manifest.
142 silly tarball no local data for queue-microtask@https://registry.npmjs.org/queue-microtask/-/queue-microtask-1.2.3.tgz. Extracting by manifest.
143 silly tarball no local data for postcss-value-parser@https://registry.npmjs.org/postcss-value-parser/-/postcss-value-parser-4.2.0.tgz. Extracting by manifest.
144 silly tarball no local data for postcss-selector-parser@https://registry.npmjs.org/postcss-selector-parser/-/postcss-selector-parser-6.1.4.tgz. Extracting by manifest.
145 silly tarball no local data for postcss-nested@https://registry.npmjs.org/postcss-nested/-/postcss-nested-6.2.0.tgz. Extracting by manifest.
146 silly tarball no local data for postcss-load-config@https://registry.npmjs.org/postcss-load-config/-/postcss-load-config-6.0.1.tgz. Extracting by manifest.
147 silly tarball no local data for postcss-js@https://registry.npmjs.org/postcss-js/-/postcss-js-4.1.0.tgz. Extracting by manifest.
148 silly tarball no local data for postcss-import@https://registry.npmjs.org/postcss-import/-/postcss-import-15.1.0.tgz. Extracting by manifest.
149 silly tarball no local data for postcss@https://registry.npmjs.org/postcss/-/postcss-8.5.26.tgz. Extracting by manifest.
150 silly tarball no local data for pirates@https://registry.npmjs.org/pirates/-/pirates-4.0.7.tgz. Extracting by manifest.
151 silly tarball no local data for picomatch@https://registry.npmjs.org/picomatch/-/picomatch-2.3.2.tgz. Extracting by manifest.
152 silly tarball no local data for picocolors@https://registry.npmjs.org/picocolors/-/picocolors-1.1.1.tgz. Extracting by manifest.
153 silly tarball no local data for path-parse@https://registry.npmjs.org/path-parse/-/path-parse-1.0.7.tgz. Extracting by manifest.
154 silly tarball no local data for object-hash@https://registry.npmjs.org/object-hash/-/object-hash-3.0.0.tgz. Extracting by manifest.
155 silly tarball no local data for object-assign@https://registry.npmjs.org/object-assign/-/object-assign-4.1.1.tgz. Extracting by manifest.
156 silly tarball no local data for normalize-path@https://registry.npmjs.org/normalize-path/-/normalize-path-3.0.0.tgz. Extracting by manifest.
157 silly tarball no local data for node-releases@https://registry.npmjs.org/node-releases/-/node-releases-2.0.54.tgz. Extracting by manifest.
158 silly tarball no local data for nanoid@https://registry.npmjs.org/nanoid/-/nanoid-3.3.18.tgz. Extracting by manifest.
159 silly tarball no local data for mz@https://registry.npmjs.org/mz/-/mz-2.7.0.tgz. Extracting by manifest.
160 silly tarball no local data for motion-utils@https://registry.npmjs.org/motion-utils/-/motion-utils-11.18.1.tgz. Extracting by manifest.
161 silly tarball no local data for ms@https://registry.npmjs.org/ms/-/ms-2.1.3.tgz. Extracting by manifest.
162 silly tarball no local data for motion-dom@https://registry.npmjs.org/motion-dom/-/motion-dom-11.18.1.tgz. Extracting by manifest.
163 silly tarball no local data for micromatch@https://registry.npmjs.org/micromatch/-/micromatch-4.0.8.tgz. Extracting by manifest.
164 silly tarball no local data for merge2@https://registry.npmjs.org/merge2/-/merge2-1.4.1.tgz. Extracting by manifest.
165 silly tarball no local data for lucide-react@https://registry.npmjs.org/lucide-react/-/lucide-react-0.475.0.tgz. Extracting by manifest.
166 silly tarball no local data for lru-cache@https://registry.npmjs.org/lru-cache/-/lru-cache-5.1.1.tgz. Extracting by manifest.
167 silly tarball no local data for loose-envify@https://registry.npmjs.org/loose-envify/-/loose-envify-1.4.0.tgz. Extracting by manifest.
168 silly tarball no local data for lines-and-columns@https://registry.npmjs.org/lines-and-columns/-/lines-and-columns-1.2.4.tgz. Extracting by manifest.
169 silly tarball no local data for lilconfig@https://registry.npmjs.org/lilconfig/-/lilconfig-3.1.3.tgz. Extracting by manifest.
170 silly tarball no local data for lenis@https://registry.npmjs.org/lenis/-/lenis-1.3.26.tgz. Extracting by manifest.
171 silly tarball no local data for json5@https://registry.npmjs.org/json5/-/json5-2.2.3.tgz. Extracting by manifest.
172 silly tarball no local data for jsesc@https://registry.npmjs.org/jsesc/-/jsesc-3.1.0.tgz. Extracting by manifest.
173 silly tarball no local data for js-tokens@https://registry.npmjs.org/js-tokens/-/js-tokens-4.0.0.tgz. Extracting by manifest.
174 silly tarball no local data for jiti@https://registry.npmjs.org/jiti/-/jiti-1.21.7.tgz. Extracting by manifest.
175 silly tarball no local data for is-number@https://registry.npmjs.org/is-number/-/is-number-7.0.0.tgz. Extracting by manifest.
176 silly tarball no local data for is-glob@https://registry.npmjs.org/is-glob/-/is-glob-4.0.3.tgz. Extracting by manifest.
177 silly tarball no local data for is-extglob@https://registry.npmjs.org/is-extglob/-/is-extglob-2.1.1.tgz. Extracting by manifest.
178 silly tarball no local data for is-core-module@https://registry.npmjs.org/is-core-module/-/is-core-module-2.16.2.tgz. Extracting by manifest.
179 silly tarball no local data for is-binary-path@https://registry.npmjs.org/is-binary-path/-/is-binary-path-2.1.0.tgz. Extracting by manifest.
180 silly tarball no local data for hasown@https://registry.npmjs.org/hasown/-/hasown-2.0.4.tgz. Extracting by manifest.
181 silly tarball no local data for glob-parent@https://registry.npmjs.org/glob-parent/-/glob-parent-6.0.2.tgz. Extracting by manifest.
182 silly tarball no local data for gensync@https://registry.npmjs.org/gensync/-/gensync-1.0.0-beta.2.tgz. Extracting by manifest.
183 silly tarball no local data for function-bind@https://registry.npmjs.org/function-bind/-/function-bind-1.1.2.tgz. Extracting by manifest.
184 silly tarball no local data for framer-motion@https://registry.npmjs.org/framer-motion/-/framer-motion-11.18.2.tgz. Extracting by manifest.
185 silly tarball no local data for fraction.js@https://registry.npmjs.org/fraction.js/-/fraction.js-5.3.4.tgz. Extracting by manifest.
186 silly tarball no local data for fill-range@https://registry.npmjs.org/fill-range/-/fill-range-7.1.1.tgz. Extracting by manifest.
187 silly tarball no local data for fastq@https://registry.npmjs.org/fastq/-/fastq-1.20.3.tgz. Extracting by manifest.
188 silly tarball no local data for fast-glob@https://registry.npmjs.org/fast-glob/-/fast-glob-3.3.3.tgz. Extracting by manifest.
189 silly tarball no local data for escalade@https://registry.npmjs.org/escalade/-/escalade-3.2.0.tgz. Extracting by manifest.
190 silly tarball no local data for esbuild@https://registry.npmjs.org/esbuild/-/esbuild-0.25.12.tgz. Extracting by manifest.
191 silly tarball no local data for es-errors@https://registry.npmjs.org/es-errors/-/es-errors-1.3.0.tgz. Extracting by manifest.
192 silly tarball no local data for electron-to-chromium@https://registry.npmjs.org/electron-to-chromium/-/electron-to-chromium-1.5.420.tgz. Extracting by manifest.
193 silly tarball no local data for dlv@https://registry.npmjs.org/dlv/-/dlv-1.1.3.tgz. Extracting by manifest.
194 silly tarball no local data for didyoumean@https://registry.npmjs.org/didyoumean/-/didyoumean-1.2.2.tgz. Extracting by manifest.
195 silly tarball no local data for debug@https://registry.npmjs.org/debug/-/debug-4.4.3.tgz. Extracting by manifest.
196 silly tarball no local data for csstype@https://registry.npmjs.org/csstype/-/csstype-3.2.3.tgz. Extracting by manifest.
197 silly tarball no local data for cssesc@https://registry.npmjs.org/cssesc/-/cssesc-3.0.0.tgz. Extracting by manifest.
198 silly tarball no local data for convert-source-map@https://registry.npmjs.org/convert-source-map/-/convert-source-map-2.0.0.tgz. Extracting by manifest.
199 silly tarball no local data for commander@https://registry.npmjs.org/commander/-/commander-4.1.1.tgz. Extracting by manifest.
200 silly tarball no local data for clsx@https://registry.npmjs.org/clsx/-/clsx-2.1.1.tgz. Extracting by manifest.
201 silly tarball no local data for chokidar@https://registry.npmjs.org/chokidar/-/chokidar-3.6.0.tgz. Extracting by manifest.
202 silly tarball no local data for caniuse-lite@https://registry.npmjs.org/caniuse-lite/-/caniuse-lite-1.0.30001810.tgz. Extracting by manifest.
203 silly tarball no local data for camelcase-css@https://registry.npmjs.org/camelcase-css/-/camelcase-css-2.0.1.tgz. Extracting by manifest.
204 silly tarball no local data for browserslist@https://registry.npmjs.org/browserslist/-/browserslist-4.28.8.tgz. Extracting by manifest.
205 silly tarball no local data for braces@https://registry.npmjs.org/braces/-/braces-3.0.3.tgz. Extracting by manifest.
206 silly tarball no local data for binary-extensions@https://registry.npmjs.org/binary-extensions/-/binary-extensions-2.3.0.tgz. Extracting by manifest.
207 silly tarball no local data for baseline-browser-mapping@https://registry.npmjs.org/baseline-browser-mapping/-/baseline-browser-mapping-2.11.20.tgz. Extracting by manifest.
208 silly tarball no local data for autoprefixer@https://registry.npmjs.org/autoprefixer/-/autoprefixer-10.5.4.tgz. Extracting by manifest.
209 silly tarball no local data for arg@https://registry.npmjs.org/arg/-/arg-5.0.2.tgz. Extracting by manifest.
210 silly tarball no local data for anymatch@https://registry.npmjs.org/anymatch/-/anymatch-3.1.3.tgz. Extracting by manifest.
211 silly tarball no local data for any-promise@https://registry.npmjs.org/any-promise/-/any-promise-1.3.0.tgz. Extracting by manifest.
212 silly tarball no local data for @vitejs/plugin-react@https://registry.npmjs.org/@vitejs/plugin-react/-/plugin-react-4.7.0.tgz. Extracting by manifest.
213 silly tarball no local data for @types/react-dom@https://registry.npmjs.org/@types/react-dom/-/react-dom-18.3.7.tgz. Extracting by manifest.
214 silly tarball no local data for @types/react@https://registry.npmjs.org/@types/react/-/react-18.3.31.tgz. Extracting by manifest.
215 silly tarball no local data for @types/prop-types@https://registry.npmjs.org/@types/prop-types/-/prop-types-15.7.15.tgz. Extracting by manifest.
216 silly tarball no local data for @types/estree@https://registry.npmjs.org/@types/estree/-/estree-1.0.9.tgz. Extracting by manifest.
217 silly tarball no local data for @types/babel__traverse@https://registry.npmjs.org/@types/babel__traverse/-/babel__traverse-7.28.0.tgz. Extracting by manifest.
218 silly tarball no local data for @types/babel__template@https://registry.npmjs.org/@types/babel__template/-/babel__template-7.4.4.tgz. Extracting by manifest.
219 silly tarball no local data for @types/babel__generator@https://registry.npmjs.org/@types/babel__generator/-/babel__generator-7.27.0.tgz. Extracting by manifest.
220 silly tarball no local data for @types/babel__core@https://registry.npmjs.org/@types/babel__core/-/babel__core-7.20.5.tgz. Extracting by manifest.
221 silly tarball no local data for @rollup/rollup-linux-x64-musl@https://registry.npmjs.org/@rollup/rollup-linux-x64-musl/-/rollup-linux-x64-musl-4.63.1.tgz. Extracting by manifest.
222 silly tarball no local data for @rollup/rollup-linux-x64-gnu@https://registry.npmjs.org/@rollup/rollup-linux-x64-gnu/-/rollup-linux-x64-gnu-4.63.1.tgz. Extracting by manifest.
223 silly tarball no local data for @rolldown/pluginutils@https://registry.npmjs.org/@rolldown/pluginutils/-/pluginutils-1.0.0-beta.27.tgz. Extracting by manifest.
224 silly tarball no local data for @nodelib/fs.walk@https://registry.npmjs.org/@nodelib/fs.walk/-/fs.walk-1.2.8.tgz. Extracting by manifest.
225 silly tarball no local data for @nodelib/fs.stat@https://registry.npmjs.org/@nodelib/fs.stat/-/fs.stat-2.0.5.tgz. Extracting by manifest.
226 silly tarball no local data for @jridgewell/trace-mapping@https://registry.npmjs.org/@jridgewell/trace-mapping/-/trace-mapping-0.3.31.tgz. Extracting by manifest.
227 silly tarball no local data for @nodelib/fs.scandir@https://registry.npmjs.org/@nodelib/fs.scandir/-/fs.scandir-2.1.5.tgz. Extracting by manifest.
228 silly tarball no local data for @jridgewell/sourcemap-codec@https://registry.npmjs.org/@jridgewell/sourcemap-codec/-/sourcemap-codec-1.6.0.tgz. Extracting by manifest.
229 silly tarball no local data for @jridgewell/resolve-uri@https://registry.npmjs.org/@jridgewell/resolve-uri/-/resolve-uri-3.1.2.tgz. Extracting by manifest.
230 silly tarball no local data for @jridgewell/remapping@https://registry.npmjs.org/@jridgewell/remapping/-/remapping-2.3.5.tgz. Extracting by manifest.
231 silly tarball no local data for @jridgewell/gen-mapping@https://registry.npmjs.org/@jridgewell/gen-mapping/-/gen-mapping-0.3.13.tgz. Extracting by manifest.
232 silly tarball no local data for @esbuild/linux-x64@https://registry.npmjs.org/@esbuild/linux-x64/-/linux-x64-0.25.12.tgz. Extracting by manifest.
233 silly tarball no local data for @babel/types@https://registry.npmjs.org/@babel/types/-/types-7.29.8.tgz. Extracting by manifest.
234 silly tarball no local data for @babel/traverse@https://registry.npmjs.org/@babel/traverse/-/traverse-7.29.8.tgz. Extracting by manifest.
235 silly tarball no local data for @babel/template@https://registry.npmjs.org/@babel/template/-/template-7.29.7.tgz. Extracting by manifest.
236 silly tarball no local data for @babel/plugin-transform-react-jsx-source@https://registry.npmjs.org/@babel/plugin-transform-react-jsx-source/-/plugin-transform-react-jsx-source-7.29.7.tgz. Extracting by manifest.
237 silly tarball no local data for @babel/plugin-transform-react-jsx-self@https://registry.npmjs.org/@babel/plugin-transform-react-jsx-self/-/plugin-transform-react-jsx-self-7.29.7.tgz. Extracting by manifest.
238 silly tarball no local data for @babel/parser@https://registry.npmjs.org/@babel/parser/-/parser-7.29.8.tgz. Extracting by manifest.
239 silly tarball no local data for @babel/helpers@https://registry.npmjs.org/@babel/helpers/-/helpers-7.29.7.tgz. Extracting by manifest.
240 silly tarball no local data for @babel/helper-validator-option@https://registry.npmjs.org/@babel/helper-validator-option/-/helper-validator-option-7.29.7.tgz. Extracting by manifest.
241 silly tarball no local data for @babel/helper-validator-identifier@https://registry.npmjs.org/@babel/helper-validator-identifier/-/helper-validator-identifier-7.29.7.tgz. Extracting by manifest.
242 silly tarball no local data for @babel/helper-string-parser@https://registry.npmjs.org/@babel/helper-string-parser/-/helper-string-parser-7.29.7.tgz. Extracting by manifest.
243 silly tarball no local data for @babel/helper-plugin-utils@https://registry.npmjs.org/@babel/helper-plugin-utils/-/helper-plugin-utils-7.29.7.tgz. Extracting by manifest.
244 silly tarball no local data for @babel/helper-module-transforms@https://registry.npmjs.org/@babel/helper-module-transforms/-/helper-module-transforms-7.29.7.tgz. Extracting by manifest.
245 silly tarball no local data for @babel/helper-module-imports@https://registry.npmjs.org/@babel/helper-module-imports/-/helper-module-imports-7.29.7.tgz. Extracting by manifest.
246 silly tarball no local data for @babel/helper-compilation-targets@https://registry.npmjs.org/@babel/helper-compilation-targets/-/helper-compilation-targets-7.29.7.tgz. Extracting by manifest.
247 silly tarball no local data for @babel/generator@https://registry.npmjs.org/@babel/generator/-/generator-7.29.8.tgz. Extracting by manifest.
248 silly tarball no local data for @babel/core@https://registry.npmjs.org/@babel/core/-/core-7.29.7.tgz. Extracting by manifest.
249 silly tarball no local data for @babel/compat-data@https://registry.npmjs.org/@babel/compat-data/-/compat-data-7.29.7.tgz. Extracting by manifest.
250 silly tarball no local data for @babel/code-frame@https://registry.npmjs.org/@babel/code-frame/-/code-frame-7.29.7.tgz. Extracting by manifest.
251 silly tarball no local data for @alloc/quick-lru@https://registry.npmjs.org/@alloc/quick-lru/-/quick-lru-5.3.0.tgz. Extracting by manifest.
252 silly tarball no local data for @babel/helper-globals@https://registry.npmjs.org/@babel/helper-globals/-/helper-globals-7.29.7.tgz. Extracting by manifest.
253 silly tarball no local data for picomatch@https://registry.npmjs.org/picomatch/-/picomatch-4.0.7.tgz. Extracting by manifest.
254 silly tarball no local data for fdir@https://registry.npmjs.org/fdir/-/fdir-6.5.0.tgz. Extracting by manifest.
255 silly tarball no local data for picomatch@https://registry.npmjs.org/picomatch/-/picomatch-4.0.7.tgz. Extracting by manifest.
256 silly tarball no local data for fdir@https://registry.npmjs.org/fdir/-/fdir-6.5.0.tgz. Extracting by manifest.
257 silly tarball no local data for glob-parent@https://registry.npmjs.org/glob-parent/-/glob-parent-5.1.2.tgz. Extracting by manifest.
258 silly tarball no local data for glob-parent@https://registry.npmjs.org/glob-parent/-/glob-parent-5.1.2.tgz. Extracting by manifest.
259 http fetch POST 200 https://registry.npmjs.org/-/npm/v1/security/advisories/bulk 350ms
260 silly audit report {}
261 http fetch GET 200 https://registry.npmjs.org/run-parallel/-/run-parallel-1.2.0.tgz 838ms (cache miss)
262 http fetch GET 200 https://registry.npmjs.org/thenify/-/thenify-3.3.1.tgz 871ms (cache miss)
263 http fetch GET 200 https://registry.npmjs.org/yallist/-/yallist-3.1.1.tgz 893ms (cache miss)
264 http fetch GET 200 https://registry.npmjs.org/util-deprecate/-/util-deprecate-1.0.2.tgz 892ms (cache miss)
265 http fetch GET 200 https://registry.npmjs.org/tinyglobby/-/tinyglobby-0.2.17.tgz 889ms (cache miss)
266 http fetch GET 200 https://registry.npmjs.org/queue-microtask/-/queue-microtask-1.2.3.tgz 882ms (cache miss)
267 http fetch GET 200 https://registry.npmjs.org/react-refresh/-/react-refresh-0.17.0.tgz 883ms (cache miss)
268 http fetch GET 200 https://registry.npmjs.org/supports-preserve-symlinks-flag/-/supports-preserve-symlinks-flag-1.0.0.tgz 905ms (cache miss)
269 http fetch GET 200 https://registry.npmjs.org/thenify-all/-/thenify-all-1.6.0.tgz 909ms (cache miss)
270 http fetch GET 200 https://registry.npmjs.org/read-cache/-/read-cache-1.0.2.tgz 903ms (cache miss)
271 http fetch GET 200 https://registry.npmjs.org/object-hash/-/object-hash-3.0.0.tgz 890ms (cache miss)
272 http fetch GET 200 https://registry.npmjs.org/pirates/-/pirates-4.0.7.tgz 905ms (cache miss)
273 http fetch GET 200 https://registry.npmjs.org/picomatch/-/picomatch-2.3.2.tgz 905ms (cache miss)
274 http fetch GET 200 https://registry.npmjs.org/ms/-/ms-2.1.3.tgz 898ms (cache miss)
275 http fetch GET 200 https://registry.npmjs.org/normalize-path/-/normalize-path-3.0.0.tgz 902ms (cache miss)
276 http fetch GET 200 https://registry.npmjs.org/node-releases/-/node-releases-2.0.54.tgz 902ms (cache miss)
277 http fetch GET 200 https://registry.npmjs.org/nanoid/-/nanoid-3.3.18.tgz 901ms (cache miss)
278 http fetch GET 200 https://registry.npmjs.org/jsesc/-/jsesc-3.1.0.tgz 897ms (cache miss)
279 http fetch GET 200 https://registry.npmjs.org/to-regex-range/-/to-regex-range-5.0.1.tgz 937ms (cache miss)
280 http fetch GET 200 https://registry.npmjs.org/picocolors/-/picocolors-1.1.1.tgz 919ms (cache miss)
281 http fetch GET 200 https://registry.npmjs.org/path-parse/-/path-parse-1.0.7.tgz 918ms (cache miss)
282 http fetch GET 200 https://registry.npmjs.org/mz/-/mz-2.7.0.tgz 914ms (cache miss)
283 http fetch GET 200 https://registry.npmjs.org/js-tokens/-/js-tokens-4.0.0.tgz 906ms (cache miss)
284 http fetch GET 200 https://registry.npmjs.org/readdirp/-/readdirp-3.6.0.tgz 939ms (cache miss)
285 http fetch GET 200 https://registry.npmjs.org/postcss-load-config/-/postcss-load-config-6.0.1.tgz 935ms (cache miss)
286 http fetch GET 200 https://registry.npmjs.org/postcss-nested/-/postcss-nested-6.2.0.tgz 936ms (cache miss)
287 http fetch GET 200 https://registry.npmjs.org/postcss-js/-/postcss-js-4.1.0.tgz 932ms (cache miss)
288 http fetch GET 200 https://registry.npmjs.org/object-assign/-/object-assign-4.1.1.tgz 927ms (cache miss)
289 http fetch GET 200 https://registry.npmjs.org/loose-envify/-/loose-envify-1.4.0.tgz 914ms (cache miss)
290 http fetch GET 200 https://registry.npmjs.org/lines-and-columns/-/lines-and-columns-1.2.4.tgz 921ms (cache miss)
291 http fetch GET 200 https://registry.npmjs.org/is-glob/-/is-glob-4.0.3.tgz 917ms (cache miss)
292 http fetch GET 200 https://registry.npmjs.org/motion-utils/-/motion-utils-11.18.1.tgz 934ms (cache miss)
293 http fetch GET 200 https://registry.npmjs.org/fill-range/-/fill-range-7.1.1.tgz 912ms (cache miss)
294 http fetch GET 200 https://registry.npmjs.org/is-extglob/-/is-extglob-2.1.1.tgz 923ms (cache miss)
295 http fetch GET 200 https://registry.npmjs.org/reusify/-/reusify-1.1.0.tgz 960ms (cache miss)
296 http fetch GET 200 https://registry.npmjs.org/micromatch/-/micromatch-4.0.8.tgz 934ms (cache miss)
297 http fetch GET 200 https://registry.npmjs.org/function-bind/-/function-bind-1.1.2.tgz 919ms (cache miss)
298 http fetch GET 200 https://registry.npmjs.org/gensync/-/gensync-1.0.0-beta.2.tgz 921ms (cache miss)
299 http fetch GET 200 https://registry.npmjs.org/merge2/-/merge2-1.4.1.tgz 941ms (cache miss)
300 http fetch GET 200 https://registry.npmjs.org/lilconfig/-/lilconfig-3.1.3.tgz 939ms (cache miss)
301 http fetch GET 200 https://registry.npmjs.org/is-number/-/is-number-7.0.0.tgz 936ms (cache miss)
302 http fetch GET 200 https://registry.npmjs.org/lru-cache/-/lru-cache-5.1.1.tgz 943ms (cache miss)
303 http fetch GET 200 https://registry.npmjs.org/escalade/-/escalade-3.2.0.tgz 930ms (cache miss)
304 http fetch GET 200 https://registry.npmjs.org/debug/-/debug-4.4.3.tgz 921ms (cache miss)
305 http fetch GET 200 https://registry.npmjs.org/didyoumean/-/didyoumean-1.2.2.tgz 922ms (cache miss)
306 http fetch GET 200 https://registry.npmjs.org/convert-source-map/-/convert-source-map-2.0.0.tgz 917ms (cache miss)
307 http fetch GET 200 https://registry.npmjs.org/hasown/-/hasown-2.0.4.tgz 937ms (cache miss)
308 http fetch GET 200 https://registry.npmjs.org/postcss-value-parser/-/postcss-value-parser-4.2.0.tgz 974ms (cache miss)
309 http fetch GET 200 https://registry.npmjs.org/cssesc/-/cssesc-3.0.0.tgz 925ms (cache miss)
310 http fetch GET 200 https://registry.npmjs.org/any-promise/-/any-promise-1.3.0.tgz 911ms (cache miss)
311 http fetch GET 200 https://registry.npmjs.org/update-browserslist-db/-/update-browserslist-db-1.3.2.tgz 994ms (cache miss)
312 http fetch GET 200 https://registry.npmjs.org/glob-parent/-/glob-parent-6.0.2.tgz 946ms (cache miss)
313 http fetch GET 200 https://registry.npmjs.org/dlv/-/dlv-1.1.3.tgz 937ms (cache miss)
314 http fetch GET 200 https://registry.npmjs.org/is-binary-path/-/is-binary-path-2.1.0.tgz 947ms (cache miss)
315 http fetch GET 200 https://registry.npmjs.org/clsx/-/clsx-2.1.1.tgz 929ms (cache miss)
316 http fetch GET 200 https://registry.npmjs.org/camelcase-css/-/camelcase-css-2.0.1.tgz 925ms (cache miss)
317 http fetch GET 200 https://registry.npmjs.org/binary-extensions/-/binary-extensions-2.3.0.tgz 921ms (cache miss)
318 http fetch GET 200 https://registry.npmjs.org/arg/-/arg-5.0.2.tgz 920ms (cache miss)
319 http fetch GET 200 https://registry.npmjs.org/commander/-/commander-4.1.1.tgz 952ms (cache miss)
320 http fetch GET 200 https://registry.npmjs.org/@types/babel__generator/-/babel__generator-7.27.0.tgz 936ms (cache miss)
321 http fetch GET 200 https://registry.npmjs.org/@nodelib/fs.walk/-/fs.walk-1.2.8.tgz 934ms (cache miss)
322 http fetch GET 200 https://registry.npmjs.org/@types/estree/-/estree-1.0.9.tgz 942ms (cache miss)
323 http fetch GET 200 https://registry.npmjs.org/@types/react-dom/-/react-dom-18.3.7.tgz 944ms (cache miss)
324 http fetch GET 200 https://registry.npmjs.org/@types/babel__template/-/babel__template-7.4.4.tgz 941ms (cache miss)
325 http fetch GET 200 https://registry.npmjs.org/@types/prop-types/-/prop-types-15.7.15.tgz 943ms (cache miss)
326 http fetch GET 200 https://registry.npmjs.org/@rolldown/pluginutils/-/pluginutils-1.0.0-beta.27.tgz 940ms (cache miss)
327 http fetch GET 200 https://registry.npmjs.org/@jridgewell/remapping/-/remapping-2.3.5.tgz 936ms (cache miss)
328 http fetch GET 200 https://registry.npmjs.org/@babel/helper-string-parser/-/helper-string-parser-7.29.7.tgz 924ms (cache miss)
329 http fetch GET 200 https://registry.npmjs.org/@vitejs/plugin-react/-/plugin-react-4.7.0.tgz 951ms (cache miss)
330 http fetch GET 200 https://registry.npmjs.org/@types/babel__traverse/-/babel__traverse-7.28.0.tgz 948ms (cache miss)
331 http fetch GET 200 https://registry.npmjs.org/@types/babel__core/-/babel__core-7.20.5.tgz 946ms (cache miss)
332 http fetch GET 200 https://registry.npmjs.org/semver/-/semver-6.3.1.tgz 1025ms (cache miss)
333 http fetch GET 200 https://registry.npmjs.org/baseline-browser-mapping/-/baseline-browser-mapping-2.11.20.tgz 958ms (cache miss)
334 http fetch GET 200 https://registry.npmjs.org/es-errors/-/es-errors-1.3.0.tgz 989ms (cache miss)
335 http fetch GET 200 https://registry.npmjs.org/browserslist/-/browserslist-4.28.8.tgz 968ms (cache miss)
336 http fetch GET 200 https://registry.npmjs.org/anymatch/-/anymatch-3.1.3.tgz 966ms (cache miss)
337 http fetch GET 200 https://registry.npmjs.org/@babel/plugin-transform-react-jsx-source/-/plugin-transform-react-jsx-source-7.29.7.tgz 950ms (cache miss)
338 http fetch GET 200 https://registry.npmjs.org/@babel/plugin-transform-react-jsx-self/-/plugin-transform-react-jsx-self-7.29.7.tgz 949ms (cache miss)
339 http fetch GET 200 https://registry.npmjs.org/@babel/compat-data/-/compat-data-7.29.7.tgz 942ms (cache miss)
340 http fetch GET 200 https://registry.npmjs.org/@babel/helper-compilation-targets/-/helper-compilation-targets-7.29.7.tgz 943ms (cache miss)
341 http fetch GET 200 https://registry.npmjs.org/ts-interface-checker/-/ts-interface-checker-0.1.13.tgz 1046ms (cache miss)
342 http fetch GET 200 https://registry.npmjs.org/postcss-import/-/postcss-import-15.1.0.tgz 1030ms (cache miss)
343 http fetch GET 200 https://registry.npmjs.org/esbuild/-/esbuild-0.25.12.tgz 997ms (cache miss)
344 http fetch GET 200 https://registry.npmjs.org/@babel/helper-validator-option/-/helper-validator-option-7.29.7.tgz 953ms (cache miss)
345 http fetch GET 200 https://registry.npmjs.org/@babel/helper-plugin-utils/-/helper-plugin-utils-7.29.7.tgz 952ms (cache miss)
346 http fetch GET 200 https://registry.npmjs.org/@babel/helper-globals/-/helper-globals-7.29.7.tgz 948ms (cache miss)
347 http fetch GET 200 https://registry.npmjs.org/is-core-module/-/is-core-module-2.16.2.tgz 1008ms (cache miss)
348 http fetch GET 200 https://registry.npmjs.org/@jridgewell/resolve-uri/-/resolve-uri-3.1.2.tgz 972ms (cache miss)
349 http fetch GET 200 https://registry.npmjs.org/@babel/helper-validator-identifier/-/helper-validator-identifier-7.29.7.tgz 960ms (cache miss)
350 http fetch GET 200 https://registry.npmjs.org/@babel/code-frame/-/code-frame-7.29.7.tgz 955ms (cache miss)
351 http fetch GET 200 https://registry.npmjs.org/@babel/helper-module-imports/-/helper-module-imports-7.29.7.tgz 959ms (cache miss)
352 http fetch GET 200 https://registry.npmjs.org/@alloc/quick-lru/-/quick-lru-5.3.0.tgz 962ms (cache miss)
353 http fetch GET 200 https://registry.npmjs.org/fdir/-/fdir-6.5.0.tgz 961ms (cache miss)
354 http fetch GET 200 https://registry.npmjs.org/picomatch/-/picomatch-4.0.7.tgz 968ms (cache miss)
355 http fetch GET 200 https://registry.npmjs.org/glob-parent/-/glob-parent-5.1.2.tgz 966ms (cache miss)
356 http fetch GET 200 https://registry.npmjs.org/fastq/-/fastq-1.20.3.tgz 1025ms (cache miss)
357 http fetch GET 200 https://registry.npmjs.org/@nodelib/fs.stat/-/fs.stat-2.0.5.tgz 993ms (cache miss)
358 http fetch GET 200 https://registry.npmjs.org/fdir/-/fdir-6.5.0.tgz 972ms (cache miss)
359 http fetch GET 200 https://registry.npmjs.org/tslib/-/tslib-2.8.1.tgz 1080ms (cache miss)
360 http fetch GET 200 https://registry.npmjs.org/glob-parent/-/glob-parent-5.1.2.tgz 974ms (cache miss)
361 http fetch GET 200 https://registry.npmjs.org/scheduler/-/scheduler-0.23.2.tgz 1079ms (cache miss)
362 http fetch GET 200 https://registry.npmjs.org/fraction.js/-/fraction.js-5.3.4.tgz 1050ms (cache miss)
363 http fetch GET 200 https://registry.npmjs.org/@babel/template/-/template-7.29.7.tgz 1008ms (cache miss)
364 http fetch GET 200 https://registry.npmjs.org/@nodelib/fs.scandir/-/fs.scandir-2.1.5.tgz 1029ms (cache miss)
365 http fetch GET 200 https://registry.npmjs.org/json5/-/json5-2.2.3.tgz 1076ms (cache miss)
366 http fetch GET 200 https://registry.npmjs.org/@babel/helper-module-transforms/-/helper-module-transforms-7.29.7.tgz 1018ms (cache miss)
367 http fetch GET 200 https://registry.npmjs.org/chokidar/-/chokidar-3.6.0.tgz 1057ms (cache miss)
368 http fetch GET 200 https://registry.npmjs.org/electron-to-chromium/-/electron-to-chromium-1.5.420.tgz 1080ms (cache miss)
369 http fetch GET 200 https://registry.npmjs.org/braces/-/braces-3.0.3.tgz 1060ms (cache miss)
370 http fetch GET 200 https://registry.npmjs.org/source-map-js/-/source-map-js-1.2.1.tgz 1137ms (cache miss)
371 http fetch GET 200 https://registry.npmjs.org/picomatch/-/picomatch-4.0.7.tgz 1052ms (cache miss)
372 http fetch GET 200 https://registry.npmjs.org/@jridgewell/sourcemap-codec/-/sourcemap-codec-1.6.0.tgz 1075ms (cache miss)
373 http fetch GET 200 https://registry.npmjs.org/react/-/react-18.3.1.tgz 1151ms (cache miss)
374 http fetch GET 200 https://registry.npmjs.org/@types/react/-/react-18.3.31.tgz 1083ms (cache miss)
375 http fetch GET 200 https://registry.npmjs.org/postcss-selector-parser/-/postcss-selector-parser-6.1.4.tgz 1167ms (cache miss)
376 http fetch GET 200 https://registry.npmjs.org/lenis/-/lenis-1.3.26.tgz 1158ms (cache miss)
377 http fetch GET 200 https://registry.npmjs.org/@jridgewell/gen-mapping/-/gen-mapping-0.3.13.tgz 1125ms (cache miss)
378 http fetch GET 200 https://registry.npmjs.org/postcss/-/postcss-8.5.26.tgz 1197ms (cache miss)
379 http fetch GET 200 https://registry.npmjs.org/@jridgewell/trace-mapping/-/trace-mapping-0.3.31.tgz 1150ms (cache miss)
380 http fetch GET 200 https://registry.npmjs.org/fast-glob/-/fast-glob-3.3.3.tgz 1190ms (cache miss)
381 http fetch GET 200 https://registry.npmjs.org/@babel/generator/-/generator-7.29.8.tgz 1218ms (cache miss)
382 http fetch GET 200 https://registry.npmjs.org/tailwind-merge/-/tailwind-merge-2.6.1.tgz 1318ms (cache miss)
383 http fetch GET 200 https://registry.npmjs.org/csstype/-/csstype-3.2.3.tgz 1267ms (cache miss)
384 http fetch GET 200 https://registry.npmjs.org/autoprefixer/-/autoprefixer-10.5.4.tgz 1265ms (cache miss)
385 http fetch GET 200 https://registry.npmjs.org/@babel/traverse/-/traverse-7.29.8.tgz 1294ms (cache miss)
386 http fetch GET 200 https://registry.npmjs.org/motion-dom/-/motion-dom-11.18.1.tgz 1358ms (cache miss)
387 http fetch GET 200 https://registry.npmjs.org/@rollup/rollup-linux-x64-gnu/-/rollup-linux-x64-gnu-4.63.1.tgz 1362ms (cache miss)
388 http fetch GET 200 https://registry.npmjs.org/@babel/parser/-/parser-7.29.8.tgz 1348ms (cache miss)
389 http fetch GET 200 https://registry.npmjs.org/jiti/-/jiti-1.21.7.tgz 1414ms (cache miss)
390 http fetch GET 200 https://registry.npmjs.org/@rollup/rollup-linux-x64-musl/-/rollup-linux-x64-musl-4.63.1.tgz 1390ms (cache miss)
391 http fetch GET 200 https://registry.npmjs.org/resolve/-/resolve-1.22.12.tgz 1488ms (cache miss)
392 http fetch GET 200 https://registry.npmjs.org/@babel/core/-/core-7.29.7.tgz 1439ms (cache miss)
393 http fetch GET 200 https://registry.npmjs.org/rollup/-/rollup-4.63.1.tgz 1539ms (cache miss)
394 http fetch GET 200 https://registry.npmjs.org/vite/-/vite-6.4.3.tgz 1552ms (cache miss)
395 http fetch GET 200 https://registry.npmjs.org/@babel/helpers/-/helpers-7.29.7.tgz 1501ms (cache miss)
396 http fetch GET 200 https://registry.npmjs.org/react-dom/-/react-dom-18.3.1.tgz 1597ms (cache miss)
397 http fetch GET 200 https://registry.npmjs.org/sucrase/-/sucrase-3.35.1.tgz 1620ms (cache miss)
398 http fetch GET 200 https://registry.npmjs.org/@babel/types/-/types-7.29.8.tgz 1571ms (cache miss)
399 http fetch GET 200 https://registry.npmjs.org/tailwindcss/-/tailwindcss-3.4.19.tgz 1875ms (cache miss)
400 http fetch GET 200 https://registry.npmjs.org/@esbuild/linux-x64/-/linux-x64-0.25.12.tgz 1814ms (cache miss)
401 http fetch GET 200 https://registry.npmjs.org/framer-motion/-/framer-motion-11.18.2.tgz 1857ms (cache miss)
402 http fetch GET 200 https://registry.npmjs.org/caniuse-lite/-/caniuse-lite-1.0.30001810.tgz 1870ms (cache miss)
403 http fetch GET 200 https://registry.npmjs.org/typescript/-/typescript-5.9.3.tgz 2040ms (cache miss)
404 http fetch GET 200 https://registry.npmjs.org/lucide-react/-/lucide-react-0.475.0.tgz 2494ms (cache miss)
405 info run esbuild@0.25.12 postinstall node_modules/esbuild node install.js
406 info run esbuild@0.25.12 postinstall { code: 0, signal: null }
407 silly ADD node_modules/yallist
408 silly ADD node_modules/vite
409 silly ADD node_modules/vite/node_modules/picomatch
410 silly ADD node_modules/vite/node_modules/fdir
411 silly ADD node_modules/util-deprecate
412 silly ADD node_modules/update-browserslist-db
413 silly ADD node_modules/typescript
414 silly ADD node_modules/tslib
415 silly ADD node_modules/ts-interface-checker
416 silly ADD node_modules/to-regex-range
417 silly ADD node_modules/tinyglobby
418 silly ADD node_modules/tinyglobby/node_modules/picomatch
419 silly ADD node_modules/tinyglobby/node_modules/fdir
420 silly ADD node_modules/thenify-all
421 silly ADD node_modules/thenify
422 silly ADD node_modules/tailwindcss
423 silly ADD node_modules/tailwind-merge
424 silly ADD node_modules/supports-preserve-symlinks-flag
425 silly ADD node_modules/sucrase
426 silly ADD node_modules/source-map-js
427 silly ADD node_modules/semver
428 silly ADD node_modules/scheduler
429 silly ADD node_modules/run-parallel
430 silly ADD node_modules/rollup
431 silly ADD node_modules/reusify
432 silly ADD node_modules/resolve
433 silly ADD node_modules/readdirp
434 silly ADD node_modules/read-cache
435 silly ADD node_modules/react-refresh
436 silly ADD node_modules/react-dom
437 silly ADD node_modules/react
438 silly ADD node_modules/queue-microtask
439 silly ADD node_modules/postcss-value-parser
440 silly ADD node_modules/postcss-selector-parser
441 silly ADD node_modules/postcss-nested
442 silly ADD node_modules/postcss-load-config
443 silly ADD node_modules/postcss-js
444 silly ADD node_modules/postcss-import
445 silly ADD node_modules/postcss
446 silly ADD node_modules/pirates
447 silly ADD node_modules/picomatch
448 silly ADD node_modules/picocolors
449 silly ADD node_modules/path-parse
450 silly ADD node_modules/object-hash
451 silly ADD node_modules/object-assign
452 silly ADD node_modules/normalize-path
453 silly ADD node_modules/node-releases
454 silly ADD node_modules/nanoid
455 silly ADD node_modules/mz
456 silly ADD node_modules/ms
457 silly ADD node_modules/motion-utils
458 silly ADD node_modules/motion-dom
459 silly ADD node_modules/micromatch
460 silly ADD node_modules/merge2
461 silly ADD node_modules/lucide-react
462 silly ADD node_modules/lru-cache
463 silly ADD node_modules/loose-envify
464 silly ADD node_modules/lines-and-columns
465 silly ADD node_modules/lilconfig
466 silly ADD node_modules/lenis
467 silly ADD node_modules/json5
468 silly ADD node_modules/jsesc
469 silly ADD node_modules/js-tokens
470 silly ADD node_modules/jiti
471 silly ADD node_modules/is-number
472 silly ADD node_modules/is-glob
473 silly ADD node_modules/is-extglob
474 silly ADD node_modules/is-core-module
475 silly ADD node_modules/is-binary-path
476 silly ADD node_modules/hasown
477 silly ADD node_modules/glob-parent
478 silly ADD node_modules/gensync
479 silly ADD node_modules/function-bind
480 silly ADD
481 silly ADD node_modules/framer-motion
482 silly ADD node_modules/fraction.js
483 silly ADD node_modules/fill-range
484 silly ADD node_modules/fastq
485 silly ADD node_modules/fast-glob
486 silly ADD node_modules/fast-glob/node_modules/glob-parent
487 silly ADD node_modules/escalade
488 silly ADD node_modules/esbuild
489 silly ADD node_modules/es-errors
490 silly ADD node_modules/electron-to-chromium
491 silly ADD node_modules/dlv
492 silly ADD node_modules/didyoumean
493 silly ADD node_modules/debug
494 silly ADD node_modules/csstype
495 silly ADD node_modules/cssesc
496 silly ADD node_modules/convert-source-map
497 silly ADD node_modules/commander
498 silly ADD node_modules/clsx
499 silly ADD node_modules/chokidar
500 silly ADD node_modules/chokidar/node_modules/glob-parent
501 silly ADD node_modules/caniuse-lite
502 silly ADD node_modules/camelcase-css
503 silly ADD node_modules/browserslist
504 silly ADD node_modules/braces
505 silly ADD node_modules/binary-extensions
506 silly ADD node_modules/baseline-browser-mapping
507 silly ADD node_modules/autoprefixer
508 silly ADD node_modules/arg
509 silly ADD node_modules/anymatch
510 silly ADD node_modules/any-promise
511 silly ADD node_modules/@vitejs/plugin-react
512 silly ADD node_modules/@types/react-dom
513 silly ADD node_modules/@types/react
514 silly ADD node_modules/@types/prop-types
515 silly ADD node_modules/@types/estree
516 silly ADD node_modules/@types/babel__traverse
517 silly ADD node_modules/@types/babel__template
518 silly ADD node_modules/@types/babel__generator
519 silly ADD node_modules/@types/babel__core
520 silly ADD
521 silly ADD
522 silly ADD
523 silly ADD
524 silly ADD
525 silly ADD
526 silly ADD node_modules/@rollup/rollup-linux-x64-musl
527 silly ADD node_modules/@rollup/rollup-linux-x64-gnu
528 silly ADD
529 silly ADD
530 silly ADD
531 silly ADD
532 silly ADD
533 silly ADD
534 silly ADD
535 silly ADD
536 silly ADD
537 silly ADD
538 silly ADD
539 silly ADD
540 silly ADD
541 silly ADD
542 silly ADD
543 silly ADD
544 silly ADD
545 silly ADD node_modules/@rolldown/pluginutils
546 silly ADD node_modules/@nodelib/fs.walk
547 silly ADD node_modules/@nodelib/fs.stat
548 silly ADD node_modules/@nodelib/fs.scandir
549 silly ADD
550 silly ADD node_modules/@jridgewell/trace-mapping
551 silly ADD node_modules/@jridgewell/sourcemap-codec
552 silly ADD node_modules/@jridgewell/resolve-uri
553 silly ADD node_modules/@jridgewell/remapping
554 silly ADD node_modules/@jridgewell/gen-mapping
555 silly ADD
556 silly ADD
557 silly ADD
558 silly ADD
559 silly ADD
560 silly ADD
561 silly ADD
562 silly ADD
563 silly ADD
564 silly ADD node_modules/@esbuild/linux-x64
565 silly ADD
566 silly ADD
567 silly ADD
568 silly ADD
569 silly ADD
570 silly ADD
571 silly ADD
572 silly ADD
573 silly ADD
574 silly ADD
575 silly ADD
576 silly ADD
577 silly ADD
578 silly ADD
579 silly ADD
580 silly ADD
581 silly ADD node_modules/@babel/types
582 silly ADD node_modules/@babel/traverse
583 silly ADD node_modules/@babel/template
584 silly ADD node_modules/@babel/plugin-transform-react-jsx-source
585 silly ADD node_modules/@babel/plugin-transform-react-jsx-self
586 silly ADD node_modules/@babel/parser
587 silly ADD node_modules/@babel/helpers
588 silly ADD node_modules/@babel/helper-validator-option
589 silly ADD node_modules/@babel/helper-validator-identifier
590 silly ADD node_modules/@babel/helper-string-parser
591 silly ADD node_modules/@babel/helper-plugin-utils
592 silly ADD node_modules/@babel/helper-module-transforms
593 silly ADD node_modules/@babel/helper-module-imports
594 silly ADD node_modules/@babel/helper-globals
595 silly ADD node_modules/@babel/helper-compilation-targets
596 silly ADD node_modules/@babel/generator
597 silly ADD node_modules/@babel/core
598 silly ADD node_modules/@babel/compat-data
599 silly ADD node_modules/@babel/code-frame
600 silly ADD node_modules/@alloc/quick-lru
601 verbose cwd /home/user
602 verbose os Linux 6.1.158+
603 verbose node v20.20.2
604 verbose npm  v10.8.2
605 verbose exit 0
606 info ok
